[    1321ms] [INFO] %cDownload the React DevTools for a better development experience: https://react.dev/link/react-devtools font-weight:bold @ http://localhost:3000/_next/static/chunks/05w9_next_dist_04sc5oc._.js:2431
[    1363ms] [LOG] [HMR] connected @ http://localhost:3000/_next/static/chunks/05w9_next_dist_04sc5oc._.js:2431
[   57914ms] [LOG] [Fast Refresh] rebuilding @ http://localhost:3000/_next/static/chunks/05w9_next_dist_04sc5oc._.js:2431
[   58538ms] [ERROR] Failed to load resource: the server responded with a status of 500 (Internal Server Error) @ http://localhost:3000/login?next=%2F&_rsc=1ni8f:0
[   58647ms] [ERROR] Failed to load resource: the server responded with a status of 500 (Internal Server Error) @ http://localhost:3000/login?next=%2F&_rsc=1ni8f:0
[   58665ms] [ERROR] Failed to load resource: the server responded with a status of 500 (Internal Server Error) @ http://localhost:3000/login?next=%2F:0
[   58737ms] [INFO] %cDownload the React DevTools for a better development experience: https://react.dev/link/react-devtools font-weight:bold @ http://localhost:3000/_next/static/chunks/0p2h_react-dom_0vsf22y._.js:15305
[   58767ms] Error: ./proxy.ts
Proxy is missing expected function export name
This function is what Next.js runs for every request handled by this proxy (previously called middleware).

Why this happens:
- You are migrating from `middleware` to `proxy`, but haven't updated the exported function.
- The file exists but doesn't export a function.
- The export is not a function (e.g., an object or constant).
- There's a syntax error preventing the export from being recognized.

To fix it:
- Ensure this file has either a default or "proxy" function export.

Learn more: https://nextjs.org/docs/messages/middleware-to-proxy


    at Object.getCompilationErrors (file:///Users/hunterphillips/workspace/projects/AI/rfi/node_modules/.pnpm/next@16.2.4_@babel+core@7.29.0_react-dom@19.2.4_react@19.2.4__react@19.2.4/node_modules/next/dist/server/dev/hot-reloader-turbopack.js:1186:59)
    at DevBundlerService.getCompilationError (file:///Users/hunterphillips/workspace/projects/AI/rfi/node_modules/.pnpm/next@16.2.4_@babel+core@7.29.0_react-dom@19.2.4_react@19.2.4__react@19.2.4/node_modules/next/dist/server/lib/dev-bundler-service.js:44:55)
    at DevServer.getCompilationError (file:///Users/hunterphillips/workspace/projects/AI/rfi/node_modules/.pnpm/next@16.2.4_@babel+core@7.29.0_react-dom@19.2.4_react@19.2.4__react@19.2.4/node_modules/next/dist/server/dev/next-dev-server.js:719:42)
    at DevServer.findPageComponents (file:///Users/hunterphillips/workspace/projects/AI/rfi/node_modules/.pnpm/next@16.2.4_@babel+core@7.29.0_react-dom@19.2.4_react@19.2.4__react@19.2.4/node_modules/next/dist/server/dev/next-dev-server.js:689:43)
    at async DevServer.renderErrorToResponseImpl (file:///Users/hunterphillips/workspace/projects/AI/rfi/node_modules/.pnpm/next@16.2.4_@babel+core@7.29.0_react-dom@19.2.4_react@19.2.4__react@19.2.4/node_modules/next/dist/server/base-server.js:1745:26)
[   58768ms] [LOG] [HMR] connected @ http://localhost:3000/_next/static/chunks/05w9_next_dist_0a5n17-._.js:1226
[   58779ms] [ERROR] ./proxy.ts
Proxy is missing expected function export name
This function is what Next.js runs for every request handled by this proxy (previously called middleware).

Why this happens:
- You are migrating from `middleware` to `proxy`, but haven't updated the exported function.
- The file exists but doesn't export a function.
- The export is not a function (e.g., an object or constant).
- There's a syntax error preventing the export from being recognized.

To fix it:
- Ensure this file has either a default or "proxy" function export.

Learn more: https://nextjs.org/docs/messages/middleware-to-proxy @ http://localhost:3000/_next/static/chunks/05w9_next_dist_0a5n17-._.js:1945
[   71247ms] [INFO] %cDownload the React DevTools for a better development experience: https://react.dev/link/react-devtools font-weight:bold @ http://localhost:3000/_next/static/chunks/05w9_next_dist_04sc5oc._.js:2431
[   71255ms] [LOG] [HMR] connected @ http://localhost:3000/_next/static/chunks/05w9_next_dist_04sc5oc._.js:2431
